
> @basic-serverless-app/frontend@0.0.0 build
> vite build

vite v8.0.3 building client environment for production...
[2Ktransforming...✓ 15 modules transformed.
rendering chunks...
computing gzip size...
dist/index.html                  0.38 kB │ gzip:  0.26 kB
dist/assets/index-PvNbMDpf.js  191.88 kB │ gzip: 60.59 kB

✗ Build failed in 187ms
error during build:
Build failed with 1 error:

Error: [vite]: Rolldown failed to resolve import "@cloudscape-design/global-styles/index.css" from "/home/kazu8854/dev-workspaces/basic-serverless-app/packages/frontend/src/main.tsx".
This is most likely unintended because it can break your application at runtime.
If you do want to externalize this module explicitly add it to
`build.rollupOptions.external`
    at viteLog (file:///home/kazu8854/dev-workspaces/basic-serverless-app/node_modules/vite/dist/node/chunks/node.js:32942:57)
    at file:///home/kazu8854/dev-workspaces/basic-serverless-app/node_modules/vite/dist/node/chunks/node.js:32978:71
    at onwarn (file:///home/kazu8854/dev-workspaces/basic-serverless-app/node_modules/@vitejs/plugin-react/dist/index.js:40:7)
    at file:///home/kazu8854/dev-workspaces/basic-serverless-app/node_modules/vite/dist/node/chunks/node.js:32978:28
    at onRollupLog (file:///home/kazu8854/dev-workspaces/basic-serverless-app/node_modules/vite/dist/node/chunks/node.js:32973:63)
    at onLog (file:///home/kazu8854/dev-workspaces/basic-serverless-app/node_modules/vite/dist/node/chunks/node.js:32743:4)
    at file:///home/kazu8854/dev-workspaces/basic-serverless-app/node_modules/rolldown/dist/shared/rolldown-build-CPrIX9V6.mjs:49:26
    at logger (file:///home/kazu8854/dev-workspaces/basic-serverless-app/node_modules/rolldown/dist/shared/rolldown-build-CPrIX9V6.mjs:40:3)
    at onLog (file:///home/kazu8854/dev-workspaces/basic-serverless-app/node_modules/rolldown/dist/shared/bindingify-input-options-e7ze4hPR.mjs:1972:32)
    at aggregateBindingErrorsIntoJsError (file:///home/kazu8854/dev-workspaces/basic-serverless-app/node_modules/rolldown/dist/shared/error-BLhcSyeg.mjs:48:18)
    at unwrapBindingResult (file:///home/kazu8854/dev-workspaces/basic-serverless-app/node_modules/rolldown/dist/shared/error-BLhcSyeg.mjs:18:128)
    at #build (file:///home/kazu8854/dev-workspaces/basic-serverless-app/node_modules/rolldown/dist/shared/rolldown-build-CPrIX9V6.mjs:3313:34)
    at async buildEnvironment (file:///home/kazu8854/dev-workspaces/basic-serverless-app/node_modules/vite/dist/node/chunks/node.js:32849:64)
    at async Object.build (file:///home/kazu8854/dev-workspaces/basic-serverless-app/node_modules/vite/dist/node/chunks/node.js:33271:19)
    at async Object.buildApp (file:///home/kazu8854/dev-workspaces/basic-serverless-app/node_modules/vite/dist/node/chunks/node.js:33268:153)
    at async CAC.<anonymous> (file:///home/kazu8854/dev-workspaces/basic-serverless-app/node_modules/vite/dist/node/cli.js:778:3) {
  errors: [Getter/Setter]
}
npm error Lifecycle script `build` failed with error:
npm error code 1
npm error path /home/kazu8854/dev-workspaces/basic-serverless-app/packages/frontend
npm error workspace @basic-serverless-app/frontend@0.0.0
npm error location /home/kazu8854/dev-workspaces/basic-serverless-app/packages/frontend
npm error command failed
npm error command sh -c vite build
